ets Jul 29 2019 1ï¿½ets Jul 29 2019 12:21:46

rst:0x1 (POWERON_RESET),boot:0x13 (SPI_FAST_FLASH_BOOT)
configsip: 0, SPIWP:0xee
clk_drv:0x00,q_drv:0x00,d_drv:0x00,cs0_drv:0x00,hd_drv:0x00,wp_drv:0x00
mode:DIO, clock div:1
load:0x3fff0030,len:7524
load:0x40078000,len:16552
load:0x40080400,len:4
load:0x40080404,len:4312
entry 0x4008065c
[0;32mI (29) boot: ESP-IDF v5.3-dev-2747-g4f3cd0deb9 2nd stage bootloader[0m
[0;32mI (29) boot: compile time Oct 28 2024 17:33:23[0m
[0;32mI (31) boot: Multicore bootloader[0m
[0;32mI (35) boot: chip revision: v3.1[0m
[0;32mI (39) qio_mode: Enabling default flash chip QIO[0m
[0;32mI (44) boot.esp32: SPI Speed      : 80MHz[0m
[0;32mI (49) boot.esp32: SPI Mode       : QIO[0m
[0;32mI (53) boot.esp32: SPI Flash Size : 4MB[0m
[0;32mI (58) boot: Enabling RNG early entropy source...[0m
[0;32mI (63) boot: Partition Table:[0m
[0;32mI (67) boot: ## Label            Usage          Type ST Offset   Length[0m
[0;32mI (74) boot:  0 nvs              WiFi data        01 02 00009000 00006000[0m
[0;32mI (82) boot:  1 phy_init         RF data          01 01 0000f000 00001000[0m
[0;32mI (89) boot:  2 factory          factory app      00 00 00010000 00300000[0m
[0;32mI (97) boot: End of partition table[0m
[0;32mI (101) esp_image: segment 0: paddr=00010020 vaddr=3f400020 size=e6384h (942980) map[0m
[0;32mI (351) esp_image: segment 1: paddr=000f63ac vaddr=3ffb0000 size=0336ch ( 13164) load[0m
[0;32mI (355) esp_image: segment 2: paddr=000f9720 vaddr=40080000 size=068f8h ( 26872) load[0m
[0;32mI (365) esp_image: segment 3: paddr=00100020 vaddr=400d0020 size=300e0h (196832) map[0m
[0;32mI (416) esp_image: segment 4: paddr=00130108 vaddr=400868f8 size=0a478h ( 42104) load[0m
[0;32mI (438) boot: Loaded app from partition at offset 0x10000[0m
[0;32mI (438) boot: Disabling RNG early entropy source...[0m
[0;32mI (449) cpu_start: Multicore app[0m
[0;32mI (449) quad_psram: This chip is ESP32-D0WD[0m
[0;32mI (449) esp_psram: Found 8MB PSRAM device[0m
[0;32mI (451) esp_psram: Speed: 80MHz[0m
[0;32mI (455) esp_psram: PSRAM initialized, cache is in low/high (2-core) mode.[0m
[0;33mW (463) esp_psram: Virtual address not enough for PSRAM, map as much as we can. 4MB is mapped[0m
[0;32mI (939) esp_psram: SPI SRAM memory test OK[0m
[0;32mI (947) cpu_start: Pro cpu start user code[0m
[0;32mI (947) cpu_start: cpu freq: 240000000 Hz[0m
[0;32mI (947) app_init: Application information:[0m
[0;32mI (950) app_init: Project name:     person_detection[0m
[0;32mI (955) app_init: App version:      c34ab97-dirty[0m
[0;32mI (961) app_init: Compile time:     Oct 28 2024 22:09:28[0m
[0;32mI (967) app_init: ELF file SHA256:  234a65f10...[0m
[0;32mI (972) app_init: ESP-IDF:          v5.3-dev-2747-g4f3cd0deb9[0m
[0;32mI (978) efuse_init: Min chip rev:     v0.0[0m
[0;32mI (983) efuse_init: Max chip rev:     v3.99 [0m
[0;32mI (988) efuse_init: Chip rev:         v3.1[0m
[0;32mI (993) heap_init: Initializing. RAM available for dynamic allocation:[0m
[0;32mI (1000) heap_init: At 3FFAE6E0 len 00001920 (6 KiB): DRAM[0m
[0;32mI (1006) heap_init: At 3FFB4140 len 0002BEC0 (175 KiB): DRAM[0m
[0;32mI (1012) heap_init: At 3FFE0440 len 00003AE0 (14 KiB): D/IRAM[0m
[0;32mI (1019) heap_init: At 3FFE4350 len 0001BCB0 (111 KiB): D/IRAM[0m
[0;32mI (1025) heap_init: At 40090D70 len 0000F290 (60 KiB): IRAM[0m
[0;32mI (1032) esp_psram: Adding pool of 4096K of PSRAM memory to heap allocator[0m
[0;32mI (1040) spi_flash: detected chip: generic[0m
[0;32mI (1044) spi_flash: flash io: qio[0m
[0;33mW (1048) i2c: This driver is an old driver, please migrate your application code to adapt `driver/i2c_master.h`[0m
[0;32mI (1059) main_task: Started on CPU0[0m
[0;32mI (1069) main_task: Calling app_main()[0m
Total heap size: 4509552
Free heap size: 4484308
Total PSRAM size: 8388608
Free PSRAM size: 4191744
Free heap size after allocation: 4304080
Free PSRAM size after allocation: 4011516
[0;32mI (1079) gpio: GPIO[25]| InputEn: 1| OutputEn: 0| OpenDrain: 0| Pullup: 1| Pulldown: 0| Intr:2 [0m
[0;32mI (1089) cam_hal: cam init ok[0m
[0;32mI (1089) sccb: pin_sda 26 pin_scl 27[0m
[0;32mI (1099) sccb: sccb_i2c_port=1[0m
[0;32mI (1099) gpio: GPIO[32]| InputEn: 0| OutputEn: 1| OpenDrain: 0| Pullup: 0| Pulldown: 0| Intr:0 [0m
[0;32mI (1139) camera: Detected camera at address=0x30[0m
[0;32mI (1139) camera: Detected OV2640 camera[0m
[0;32mI (1139) camera: Camera PID=0x26 VER=0x42 MIDL=0x7f MIDH=0xa2[0m
[0;32mI (1209) esp32 ll_cam: node_size: 3072, nodes_per_line: 1, lines_per_node: 4, dma_half_buffer_min:  3072, dma_half_buffer: 12288,lines_per_half_buffer: 16, dma_buffer_size: 24576, image_size: 18432[0m
[0;32mI (1219) cam_hal: buffer_size: 24576, half_buffer_size: 12288, node_buffer_size: 3072, node_cnt: 8, total_cnt: 1[0m
[0;32mI (1229) cam_hal: Allocating 9216 Byte frame buffer in PSRAM[0m
[0;32mI (1239) cam_hal: Allocating 9216 Byte frame buffer in PSRAM[0m
[0;32mI (1239) cam_hal: cam config ok[0m
[0;32mI (1249) ov2640: Set PLL: clk_2x: 0, clk_div: 3, pclk_auto: 1, pclk_div: 8[0m
Modificando los sensores...
PID: 0x26
Camera Initialized

Image capture failed.

Input type: FLOAT32
Output type: FLOAT32
Image capture failed.

Input type: FLOAT32
Output type: FLOAT32
Image capture failed.

Input type: FLOAT32
Output type: FLOAT32
Image capture failed.

[0;31mE (6479) task_wdt: Task watchdog got triggered. The following tasks/users did not reset the watchdog in time:[0m
[0;31mE (6479) task_wdt:  - IDLE0 (CPU 0)[0m
[0;31mE (6479) task_wdt: Tasks currently running:[0m
[0;31mE (6479) task_wdt: CPU 0: tf_main[0m
[0;31mE (6479) task_wdt: CPU 1: IDLE1[0m
[0;31mE (6479) task_wdt: Print CPU 0 (current core) backtrace[0m


Backtrace: 0x400EF957:0x3FFB1110 0x400844F5:0x3FFB1140 0x400E3A56:0x3FFB7360 0x400DD5F6:0x3FFB7430 0x400D90ED:0x3FFB7970 0x400D8DC2:0x3FFB79A0 0x400D84CE:0x3FFB79C0 0x400D7F1A:0x3FFB79E0

[0;33mW (6549) cam_hal: FB-OVF[0m
Input type: FLOAT32
Output type: FLOAT32
Image capture failed.

Input type: FLOAT32
Output type: FLOAT32
Image capture failed.

Input type: FLOAT32
Output type: FLOAT32
Image capture failed.

[0;31mE (11479) task_wdt: Task watchdog got triggered. The following tasks/users did not reset the watchdog in time:[0m
[0;31mE (11479) task_wdt:  - IDLE0 (CPU 0)[0m
[0;31mE (11479) task_wdt: Tasks currently running:[0m
[0;31mE (11479) task_wdt: CPU 0: tf_main[0m
[0;31mE (11479) task_wdt: CPU 1: IDLE1[0m
[0;31mE (11479) task_wdt: Print CPU 0 (current core) backtrace[0m


Backtrace: 0x400EF957:0x3FFB1110 0x400844F5:0x3FFB1140 0x400E39FD:0x3FFB7360 0x400DD5F6:0x3FFB7430 0x400D90ED:0x3FFB7970 0x400D8DC2:0x3FFB79A0 0x400D84CE:0x3FFB79C0 0x400D7F1A:0x3FFB79E0

cam_hal: EV-VSYNC-OVF
Input type: FLOAT32
Output type: FLOAT32
Image capture failed.

ets Jul 29 2019 12:21:46

rst:0x1 (POWERON_RESET),boot:0x2 (DOWNLOAD_BOOT(UART0/UART1/SDIO_REI_FEO_V2))
waiting for download
