ets Jul 29 2019 12:21:46

rst:0x1 (POWERON_RESET),boot:0x13 (SPI_FAST_FLASH_BOOT)
configsip: 0, SPIWP:0xee
clk_drv:0x00,q_drv:0x00,d_drv:0x00,cs0_drv:0x00,hd_drv:0x00,wp_drv:0x00
mode:DIO, clock div:1
load:0x3fff0030,len:7524
load:0x40078000,len:16552
load:0x40080400,len:4
load:0x40080404,len:4312
entry 0x4008065c
[0;32mI (29) boot: ESP-IDF v5.3-dev-2747-g4f3cd0deb9-dirty 2nd stage bootloader[0m
[0;32mI (29) boot: compile time Nov 12 2024 18:04:33[0m
[0;32mI (32) boot: Multicore bootloader[0m
[0;32mI (36) boot: chip revision: v3.1[0m
[0;32mI (40) qio_mode: Enabling default flash chip QIO[0m
[0;32mI (45) boot.esp32: SPI Speed      : 80MHz[0m
[0;32mI (49) boot.esp32: SPI Mode       : QIO[0m
[0;32mI (54) boot.esp32: SPI Flash Size : 4MB[0m
[0;32mI (59) boot: Enabling RNG early entropy source...[0m
[0;32mI (64) boot: Partition Table:[0m
[0;32mI (68) boot: ## Label            Usage          Type ST Offset   Length[0m
[0;32mI (75) boot:  0 nvs              WiFi data        01 02 00009000 00006000[0m
[0;32mI (82) boot:  1 phy_init         RF data          01 01 0000f000 00001000[0m
[0;32mI (90) boot:  2 factory          factory app      00 00 00010000 00300000[0m
[0;32mI (97) boot: End of partition table[0m
[0;32mI (101) esp_image: segment 0: paddr=00010020 vaddr=3f400020 size=f6338h (1008440) map[0m
[0;32mI (369) esp_image: segment 1: paddr=00106360 vaddr=3ffb0000 size=03c50h ( 15440) load[0m
[0;32mI (373) esp_image: segment 2: paddr=00109fb8 vaddr=40080000 size=06060h ( 24672) load[0m
[0;32mI (382) esp_image: segment 3: paddr=00110020 vaddr=400d0020 size=8c9fch (575996) map[0m
[0;32mI (530) esp_image: segment 4: paddr=0019ca24 vaddr=40086060 size=13344h ( 78660) load[0m
[0;32mI (567) boot: Loaded app from partition at offset 0x10000[0m
[0;32mI (567) boot: Disabling RNG early entropy source...[0m
[0;32mI (579) cpu_start: Multicore app[0m
[0;32mI (579) quad_psram: This chip is ESP32-D0WD[0m
[0;32mI (579) esp_psram: Found 8MB PSRAM device[0m
[0;32mI (581) esp_psram: Speed: 80MHz[0m
[0;32mI (585) esp_psram: PSRAM initialized, cache is in low/high (2-core) mode.[0m
[0;33mW (592) esp_psram: Virtual address not enough for PSRAM, map as much as we can. 4MB is mapped[0m
[0;32mI (1068) esp_psram: SPI SRAM memory test OK[0m
[0;32mI (1076) cpu_start: Pro cpu start user code[0m
[0;32mI (1076) cpu_start: cpu freq: 240000000 Hz[0m
[0;32mI (1076) app_init: Application information:[0m
[0;32mI (1079) app_init: Project name:     person_detection[0m
[0;32mI (1085) app_init: App version:      f888164-dirty[0m
[0;32mI (1091) app_init: Compile time:     Nov 13 2024 12:59:17[0m
[0;32mI (1097) app_init: ELF file SHA256:  d76a96eb5...[0m
[0;32mI (1102) app_init: ESP-IDF:          v5.3-dev-2747-g4f3cd0deb9-dirty[0m
[0;32mI (1109) efuse_init: Min chip rev:     v0.0[0m
[0;32mI (1114) efuse_init: Max chip rev:     v3.99 [0m
[0;32mI (1119) efuse_init: Chip rev:         v3.1[0m
[0;32mI (1124) heap_init: Initializing. RAM available for dynamic allocation:[0m
[0;32mI (1131) heap_init: At 3FFAE6E0 len 00001920 (6 KiB): DRAM[0m
[0;32mI (1137) heap_init: At 3FFB8148 len 00027EB8 (159 KiB): DRAM[0m
[0;32mI (1144) heap_init: At 3FFE0440 len 00003AE0 (14 KiB): D/IRAM[0m
[0;32mI (1150) heap_init: At 3FFE4350 len 0001BCB0 (111 KiB): D/IRAM[0m
[0;32mI (1157) heap_init: At 400993A4 len 00006C5C (27 KiB): IRAM[0m
[0;32mI (1163) esp_psram: Adding pool of 4096K of PSRAM memory to heap allocator[0m
[0;32mI (1171) spi_flash: detected chip: generic[0m
[0;32mI (1175) spi_flash: flash io: qio[0m
[0;33mW (1179) i2c: This driver is an old driver, please migrate your application code to adapt `driver/i2c_master.h`[0m
[0;32mI (1190) main_task: Started on CPU0[0m
[0;32mI (1200) main_task: Calling app_main()[0m
I (1230) wifi:wifi driver task: 3ffba1fc, prio:23, stack:6656, core=0
I (1230) wifi:wifi firmware version: 7544903
I (1230) wifi:wifi certification version: v7.0
I (1230) wifi:config NVS flash: enabled
I (1230) wifi:config nano formating: disabled
I (1240) wifi:Init data frame dynamic rx buffer num: 32
I (1240) wifi:Init static rx mgmt buffer num: 5
I (1250) wifi:Init management short buffer num: 32
I (1250) wifi:Init dynamic tx buffer num: 32
I (1250) wifi:Init tx cache buffer num: 32
I (1260) wifi:Init static rx buffer size: 1600
I (1260) wifi:Init static rx buffer num: 10
I (1270) wifi:Init dynamic rx buffer num: 32
[0;32mI (1270) wifi_init: rx ba win: 6[0m
[0;32mI (1270) wifi_init: accept mbox: 6[0m
[0;32mI (1280) wifi_init: tcpip mbox: 32[0m
[0;32mI (1280) wifi_init: udp mbox: 6[0m
[0;32mI (1290) wifi_init: tcp mbox: 6[0m
[0;32mI (1290) wifi_init: tcp tx win: 5760[0m
[0;32mI (1290) wifi_init: tcp rx win: 5760[0m
[0;32mI (1300) wifi_init: tcp mss: 1440[0m
[0;32mI (1300) wifi_init: WiFi IRAM OP enabled[0m
[0;32mI (1310) wifi_init: WiFi RX IRAM OP enabled[0m
[0;32mI (1310) phy_init: phy_version 4791,2c4672b,Dec 20 2023,16:06:06[0m
[0;33mW (1320) phy_init: failed to load RF calibration data (0x1102), falling back to full calibration[0m
I (1420) wifi:mode : sta (34:98:7a:b6:f3:dc)
I (1420) wifi:enable tsf
I (1420) ESPNOW: espnow [version: 1.0] init
Total heap size: 4493160
Free heap size: 4368680
Total PSRAM size: 8388608
Free PSRAM size: 4191548
Free heap size after allocation: 4188452
Free PSRAM size after allocation: 4011320
Iï¿½ï¿½Brownout detector was triggered


ets Jul 29 2019 12:21:46

rst:0xc (SW_CPU_RESET),boot:0x13 (SPI_FAST_FLASH_BOOT)
configsip: 0, SPIWP:0xee
clk_drv:0x00,q_drv:0x00,d_drv:0x00,cs0_drv:0x00,hd_drv:0x00,wp_drv:0x00
mode:DIO, clock div:1
load:0x3fff0030,len:7524
load:0x40078000,len:16552
load:0x40080400,len:4
load:0x40080404,len:4312
entry 0x4008065c
[0;32mI (29) boot: ESP-IDF v5.3-dev-2747-g4f3cd0deb9-dirty 2nd stage bootloader[0m
[0;32mI (29) boot: compile time Nov 12 2024 18:04:33[0m
[0;32mI (32) boot: Multicore bootloader[0m
[0;32mI (36) boot: chip revision: v3.1[0m
[0;32mI (39) qio_mode: Enabling default flash chip QIO[0m
[0;32mI (45) boot.esp32: SPI Speed      : 80MHz[0m
[0;32mI (49) boot.esp32: SPI Mode       : QIO[0m
[0;32mI (54) boot.esp32: SPI Flash Size : 4MB[0m
[0;32mI (58) boot: Enabling RNG early entropy source...[0m
[0;32mI (64) boot: Partition Table:[0m
[0;32mI (67) boot: ## Label            Usage          Type ST Offset   Length[0m
[0;32mI (75) boot:  0 nvs              WiFi data        01 02 00009000 00006000[0m
[0;32mI (82) boot:  1 phy_init         RF data          01 01 0000f000 00001000[0m
[0;32mI (90) boot:  2 factory          factory app      00 00 00010000 00300000[0m
[0;32mI (97) boot: End of partition table[0m
[0;32mI (101) esp_image: segment 0: paddr=00010020 vaddr=3f400020 size=f6338h (1008440) map[0m
[0;32mI (368) esp_image: segment 1: paddr=00106360 vaddr=3ffb0000 size=03c50h ( 15440) load[0m
[0;32mI (373) esp_image: segment 2: paddr=00109fb8 vaddr=40080000 size=06060h ( 24672) load[0m
[0;32mI (382) esp_image: segment 3: paddr=00110020 vaddr=400d0020 size=8c9fch (575996) map[0m
[0;32mI (530) esp_image: segment 4: paddr=0019ca24 vaddr=40086060 size=13344h ( 78660) load[0m
[0;32mI (567) boot: Loaded app from partition at offset 0x10000[0m
[0;32mI (567) boot: Disabling RNG early entropy source...[0m
[0;32mI (579) cpu_start: Multicore app[0m
[0;32mI (579) quad_psram: This chip is ESP32-D0WD[0m
[0;32mI (579) esp_psram: Found 8MB PSRAM device[0m
[0;32mI (581) esp_psram: Speed: 80MHz[0m
[0;32mI (585) esp_psram: PSRAM initialized, cache is in low/high (2-core) mode.[0m
[0;33mW (592) esp_psram: Virtual address not enough for PSRAM, map as much as we can. 4MB is mapped[0m
[0;32mI (1068) esp_psram: SPI SRAM memory test OK[0m
[0;32mI (1076) cpu_start: Pro cpu start user code[0m
[0;32mI (1076) cpu_start: cpu freq: 240000000 Hz[0m
[0;32mI (1076) app_init: Application information:[0m
[0;32mI (1079) app_init: Project name:     person_detection[0m
[0;32mI (1085) app_init: App version:      f888164-dirty[0m
[0;32mI (1090) app_init: Compile time:     Nov 13 2024 12:59:17[0m
[0;32mI (1097) app_init: ELF file SHA256:  d76a96eb5...[0m
[0;32mI (1102) app_init: ESP-IDF:          v5.3-dev-2747-g4f3cd0deb9-dirty[0m
[0;32mI (1109) efuse_init: Min chip rev:     v0.0[0m
[0;32mI (1114) efuse_init: Max chip rev:     v3.99 [0m
[0;32mI (1119) efuse_init: Chip rev:         v3.1[0m
[0;32mI (1124) heap_init: Initializing. RAM available for dynamic allocation:[0m
[0;32mI (1131) heap_init: At 3FFAE6E0 len 00001920 (6 KiB): DRAM[0m
[0;32mI (1137) heap_init: At 3FFB8148 len 00027EB8 (159 KiB): DRAM[0m
[0;32mI (1144) heap_init: At 3FFE0440 len 00003AE0 (14 KiB): D/IRAM[0m
[0;32mI (1150) heap_init: At 3FFE4350 len 0001BCB0 (111 KiB): D/IRAM[0m
[0;32mI (1156) heap_init: At 400993A4 len 00006C5C (27 KiB): IRAM[0m
[0;32mI (1163) esp_psram: Adding pool of 4096K of PSRAM memory to heap allocator[0m
[0;32mI (1171) spi_flash: detected chip: generic[0m
[0;32mI (1175) spi_flash: flash io: qio[0m
[0;33mW (1179) i2c: This driver is an old driver, please migrate your application code to adapt `driver/i2c_master.h`[0m
[0;32mI (1190) main_task: Started on CPU0[0m
[0;32mI (1200) main_task: Calling app_main()[0m
I (1220) wifi:wifi driver task: 3ffba244, prio:23, stack:6656, core=0
I (1220) wifi:wifi firmware version: 7544903
I (1220) wifi:wifi certification version: v7.0
I (1220) wifi:config NVS flash: enabled
I (1220) wifi:config nano formating: disabled
I (1230) wifi:Init data frame dynamic rx buffer num: 32
I (1230) wifi:Init static rx mgmt buffer num: 5
I (1240) wifi:Init management short buffer num: 32
I (1240) wifi:Init dynamic tx buffer num: 32
I (1240) wifi:Init tx cache buffer num: 32
I (1250) wifi:Init static rx buffer size: 1600
I (1250) wifi:Init static rx buffer num: 10
I (1260) wifi:Init dynamic rx buffer num: 32
[0;32mI (1260) wifi_init: rx ba win: 6[0m
[0;32mI (1260) wifi_init: accept mbox: 6[0m
[0;32mI (1270) wifi_init: tcpip mbox: 32[0m
[0;32mI (1270) wifi_init: udp mbox: 6[0m
[0;32mI (1280) wifi_init: tcp mbox: 6[0m
[0;32mI (1280) wifi_init: tcp tx win: 5760[0m
[0;32mI (1280) wifi_init: tcp rx win: 5760[0m
[0;32mI (1290) wifi_init: tcp mss: 1440[0m
[0;32mI (1290) wifi_init: WiFi IRAM OP enabled[0m
[0;32mI (1300) wifi_init: WiFi RX IRAM OP enabled[0m
[0;32mI (1300) phy_init: phy_version 4791,2c4672b,Dec 20 2023,16:06:06[0m
I (1370) wifi:mode : sta (34:98:7a:b6:f3:dc)
I (1370) wifi:enable tsf
I (1370) ESPNOW: espnow [version: 1.0] init
Total heap size: 4493160
Free heap size: 4368676
Total PSRAM size: 8388608
Free PSRAM size: 4191548
Free heap size after allocation: 4188448
Free PSRAM size after allocation: 4011320
ets Jul 29 2019 12:21:46

rst:0x1 (POWERON_RESET),boot:0x13 (SPI_FAST_FLASH_BOOT)
configsip: 0, SPIWP:0xee
clk_drv:0x00,q_drv:0x00,d_drv:0x00,cs0_drv:0x00,hd_drv:0x00,wp_drv:0x00
mode:DIO, clock div:1
load:0x3fff0030,len:7524
load:0x40078000,len:16552
load:0x40080400,len:4
load:0x40080404,len:4312
entry 0x4008065c
[0;32mI (29) boot: ESP-IDF v5.3-dev-2747-g4f3cd0deb9-dirty 2nd stage bootloader[0m
[0;32mI (29) boot: compile time Nov 12 2024 18:04:33[0m
[0;32mI (32) boot: Multicore bootloader[0m
[0;32mI (36) boot: chip revision: v3.1[0m
[0;32mI (40) qio_mode: Enabling default flash chip QIO[0m
[0;32mI (45) boot.esp32: SPI Speed      : 80MHz[0m
[0;32mI (49) boot.esp32: SPI Mode       : QIO[0m
[0;32mI (54) boot.esp32: SPI Flash Size : 4MB[0m
[0;32mI (59) boot: Enabling RNG early entropy source...[0m
[0;32mI (64) boot: Partition Table:[0m
[0;32mI (68) boot: ## Label            Usage          Type ST Offset   Length[0m
[0;32mI (75) boot:  0 nvs              WiFi data        01 02 00009000 00006000[0m
[0;32mI (82) boot:  1 phy_init         RF data          01 01 0000f000 00001000[0m
[0;32mI (90) boot:  2 factory          factory app      00 00 00010000 00300000[0m
[0;32mI (97) boot: End of partition table[0m
[0;32mI (101) esp_image: segment 0: paddr=00010020 vaddr=3f400020 size=f6338h (1008440) map[0m
[0;32mI (369) esp_image: segment 1: paddr=00106360 vaddr=3ffb0000 size=03c50h ( 15440) load[0m
[0;32mI (373) esp_image: segment 2: paddr=00109fb8 vaddr=40080000 size=06060h ( 24672) load[0m
[0;32mI (382) esp_image: segment 3: paddr=00110020 vaddr=400d0020 size=8c9fch (575996) map[0m
[0;32mI (530) esp_image: segment 4: paddr=0019ca24 vaddr=40086060 size=13344h ( 78660) load[0m
[0;32mI (567) boot: Loaded app from partition at offset 0x10000[0m
[0;32mI (567) boot: Disabling RNG early entropy source...[0m
[0;32mI (579) cpu_start: Multicore app[0m
[0;32mI (579) quad_psram: This chip is ESP32-D0WD[0m
[0;32mI (579) esp_psram: Found 8MB PSRAM device[0m
[0;32mI (581) esp_psram: Speed: 80MHz[0m
[0;32mI (585) esp_psram: PSRAM initialized, cache is in low/high (2-core) mode.[0m
[0;33mW (592) esp_psram: Virtual address not enough for PSRAM, map as much as we can. 4MB is mapped[0m
[0;32mI (1068) esp_psram: SPI SRAM memory test OK[0m
[0;32mI (1076) cpu_start: Pro cpu start user code[0m
[0;32mI (1076) cpu_start: cpu freq: 240000000 Hz[0m
[0;32mI (1076) app_init: Application information:[0m
[0;32mI (1079) app_init: Project name:     person_detection[0m
[0;32mI (1085) app_init: App version:      f888164-dirty[0m
[0;32mI (1091) app_init: Compile time:     Nov 13 2024 12:59:17[0m
[0;32mI (1097) app_init: ELF file SHA256:  d76a96eb5...[0m
[0;32mI (1102) app_init: ESP-IDF:          v5.3-dev-2747-g4f3cd0deb9-dirty[0m
[0;32mI (1109) efuse_init: Min chip rev:     v0.0[0m
[0;32mI (1114) efuse_init: Max chip rev:     v3.99 [0m
[0;32mI (1119) efuse_init: Chip rev:         v3.1[0m
[0;32mI (1124) heap_init: Initializing. RAM available for dynamic allocation:[0m
[0;32mI (1131) heap_init: At 3FFAE6E0 len 00001920 (6 KiB): DRAM[0m
[0;32mI (1137) heap_init: At 3FFB8148 len 00027EB8 (159 KiB): DRAM[0m
[0;32mI (1144) heap_init: At 3FFE0440 len 00003AE0 (14 KiB): D/IRAM[0m
[0;32mI (1150) heap_init: At 3FFE4350 len 0001BCB0 (111 KiB): D/IRAM[0m
[0;32mI (1157) heap_init: At 400993A4 len 00006C5C (27 KiB): IRAM[0m
[0;32mI (1163) esp_psram: Adding pool of 4096K of PSRAM memory to heap allocator[0m
[0;32mI (1171) spi_flash: detected chip: generic[0m
[0;32mI (1175) spi_flash: flash io: qio[0m
[0;33mW (1179) i2c: This driver is an old driver, please migrate your application code to adapt `driver/i2c_master.h`[0m
[0;32mI (1190) main_task: Started on CPU0[0m
[0;32mI (1200) main_task: Calling app_main()[0m
I (1220) wifi:wifi driver task: 3ffba244, prio:23, stack:6656, core=0
I (1220) wifi:wifi firmware version: 7544903
I (1220) wifi:wifi certification version: v7.0
I (1220) wifi:config NVS flash: enabled
I (1220) wifi:config nano formating: disabled
I (1230) wifi:Init data frame dynamic rx buffer num: 32
I (1230) wifi:Init static rx mgmt buffer num: 5
I (1240) wifi:Init management short buffer num: 32
I (1240) wifi:Init dynamic tx buffer num: 32
I (1240) wifi:Init tx cache buffer num: 32
I (1250) wifi:Init static rx buffer size: 1600
I (1250) wifi:Init static rx buffer num: 10
I (1260) wifi:Init dynamic rx buffer num: 32
[0;32mI (1260) wifi_init: rx ba win: 6[0m
[0;32mI (1260) wifi_init: accept mbox: 6[0m
[0;32mI (1270) wifi_init: tcpip mbox: 32[0m
[0;32mI (1270) wifi_init: udp mbox: 6[0m
[0;32mI (1280) wifi_init: tcp mbox: 6[0m
[0;32mI (1280) wifi_init: tcp tx win: 5760[0m
[0;32mI (1280) wifi_init: tcp rx win: 5760[0m
[0;32mI (1290) wifi_init: tcp mss: 1440[0m
[0;32mI (1290) wifi_init: WiFi IRAM OP enabled[0m
[0;32mI (1300) wifi_init: WiFi RX IRAM OP enabled[0m
[0;32mI (1300) phy_init: phy_version 4791,2c4672b,Dec 20 2023,16:06:06[0m
I (1370) wifi:mode : sta (34:98:7a:b6:f3:dc)
I (1370) wifi:enable tsf
I (1380) ESPNOW: espnow [version: 1.0] init
Total heap size: 4493160
Free heap size: 4368676
Total PSRAM size: 8388608
Free PSRAM size: 4191548
Free heap size after allocation: 4188448
Free PSRAM size after allocation: 4011320
