ets Jul 29 2019 1ï¿½ets Jul 29 2019 12:21:46

rst:0x1 (POWERON_RESET),boot:0x13 (SPI_FAST_FLASH_BOOT)
configsip: 0, SPIWP:0xee
clk_drv:0x00,q_drv:0x00,d_drv:0x00,cs0_drv:0x00,hd_drv:0x00,wp_drv:0x00
mode:DIO, clock div:1
load:0x3fff0030,len:7524
load:0x40078000,len:16552
load:0x40080400,len:4
load:0x40080404,len:4312
entry 0x4008065c
[0;32mI (29) boot: ESP-IDF v5.3-dev-2747-g4f3cd0deb9 2nd stage bootloader[0m
[0;32mI (29) boot: compile time Oct 28 2024 17:33:23[0m
[0;32mI (31) boot: Multicore bootloader[0m
[0;32mI (35) boot: chip revision: v3.1[0m
[0;32mI (39) qio_mode: Enabling default flash chip QIO[0m
[0;32mI (44) boot.esp32: SPI Speed      : 80MHz[0m
[0;32mI (49) boot.esp32: SPI Mode       : QIO[0m
[0;32mI (53) boot.esp32: SPI Flash Size : 4MB[0m
[0;32mI (58) boot: Enabling RNG early entropy source...[0m
[0;32mI (63) boot: Partition Table:[0m
[0;32mI (67) boot: ## Label            Usage          Type ST Offset   Length[0m
[0;32mI (74) boot:  0 nvs              WiFi data        01 02 00009000 00006000[0m
[0;32mI (82) boot:  1 phy_init         RF data          01 01 0000f000 00001000[0m
[0;32mI (89) boot:  2 factory          factory app      00 00 00010000 00300000[0m
[0;32mI (97) boot: End of partition table[0m
[0;32mI (101) esp_image: segment 0: paddr=00010020 vaddr=3f400020 size=e6d7ch (945532) map[0m
[0;32mI (352) esp_image: segment 1: paddr=000f6da4 vaddr=3ffb0000 size=0337ch ( 13180) load[0m
[0;32mI (356) esp_image: segment 2: paddr=000fa128 vaddr=40080000 size=05ef0h ( 24304) load[0m
[0;32mI (365) esp_image: segment 3: paddr=00100020 vaddr=400d0020 size=354b4h (218292) map[0m
[0;32mI (422) esp_image: segment 4: paddr=001354dc vaddr=40085ef0 size=0b0ach ( 45228) load[0m
[0;32mI (445) boot: Loaded app from partition at offset 0x10000[0m
[0;32mI (445) boot: Disabling RNG early entropy source...[0m
[0;32mI (456) cpu_start: Multicore app[0m
[0;32mI (456) quad_psram: This chip is ESP32-D0WD[0m
[0;32mI (457) esp_psram: Found 8MB PSRAM device[0m
[0;32mI (459) esp_psram: Speed: 80MHz[0m
[0;32mI (462) esp_psram: PSRAM initialized, cache is in low/high (2-core) mode.[0m
[0;33mW (470) esp_psram: Virtual address not enough for PSRAM, map as much as we can. 4MB is mapped[0m
[0;32mI (946) esp_psram: SPI SRAM memory test OK[0m
[0;32mI (954) cpu_start: Pro cpu start user code[0m
[0;32mI (954) cpu_start: cpu freq: 240000000 Hz[0m
[0;32mI (954) app_init: Application information:[0m
[0;32mI (957) app_init: Project name:     person_detection[0m
[0;32mI (962) app_init: App version:      8d2c7d5-dirty[0m
[0;32mI (968) app_init: Compile time:     Oct 28 2024 17:33:41[0m
[0;32mI (974) app_init: ELF file SHA256:  657739808...[0m
[0;32mI (979) app_init: ESP-IDF:          v5.3-dev-2747-g4f3cd0deb9[0m
[0;32mI (985) efuse_init: Min chip rev:     v0.0[0m
[0;32mI (990) efuse_init: Max chip rev:     v3.99 [0m
[0;32mI (995) efuse_init: Chip rev:         v3.1[0m
[0;32mI (1000) heap_init: Initializing. RAM available for dynamic allocation:[0m
[0;32mI (1007) heap_init: At 3FFAE6E0 len 00001920 (6 KiB): DRAM[0m
[0;32mI (1013) heap_init: At 3FFB4160 len 0002BEA0 (175 KiB): DRAM[0m
[0;32mI (1020) heap_init: At 3FFE0440 len 00003AE0 (14 KiB): D/IRAM[0m
[0;32mI (1026) heap_init: At 3FFE4350 len 0001BCB0 (111 KiB): D/IRAM[0m
[0;32mI (1033) heap_init: At 40090F9C len 0000F064 (60 KiB): IRAM[0m
[0;32mI (1039) esp_psram: Adding pool of 4096K of PSRAM memory to heap allocator[0m
[0;32mI (1047) spi_flash: detected chip: generic[0m
[0;32mI (1051) spi_flash: flash io: qio[0m
[0;33mW (1055) i2c: This driver is an old driver, please migrate your application code to adapt `driver/i2c_master.h`[0m
[0;32mI (1066) main_task: Started on CPU0[0m
[0;32mI (1076) main_task: Calling app_main()[0m
Total heap size: 4509520
Free heap size: 4482700
Total PSRAM size: 8388608
Free PSRAM size: 4190200
Free heap size after allocation: 4302472
Free PSRAM size after allocation: 4009972
Guru Meditation Error: Core  0 panic'ed (LoadProhibited). Exception was unhandled.

Core  0 register dump:
PC      : 0x4010325b  PS      : 0x00060830  A0      : 0x800daa2c  A1      : 0x3ffb78b0  
A2      : 0x3f82cf98  A3      : 0x00000020  A4      : 0x00000004  A5      : 0xffffffff  
A6      : 0x3ffb3950  A7      : 0x3f82cfe8  A8      : 0x00000000  A9      : 0x3ffb7860  
A10     : 0x00000000  A11     : 0x00000020  A12     : 0x00000010  A13     : 0x00060c23  
A14     : 0x00000001  A15     : 0x3ffb38fc  SAR     : 0x0000001c  EXCCAUSE: 0x0000001c  
EXCVADDR: 0x00000000  LBEG    : 0x40102f5c  LEND    : 0x40102f72  LCOUNT  : 0x00000000  


Backtrace: 0x40103258:0x3ffb78b0 0x400daa29:0x3ffb78d0 0x40102f89:0x3ffb78f0 0x400e081f:0x3ffb7910 0x400dab47:0x3ffb7930 0x400da712:0x3ffb7960 0x400d9fd7:0x3ffb7990 0x400d9a37:0x3ffb7a00




ELF file SHA256: 657739808

Rebooting...
ets Jul 29 2019 12:21:46

rst:0xc (SW_CPU_RESET),boot:0x13 (SPI_FAST_FLASH_BOOT)
configsip: 0, SPIWP:0xee
clk_drv:0x00,q_drv:0x00,d_drv:0x00,cs0_drv:0x00,hd_drv:0x00,wp_drv:0x00
mode:DIO, clock div:1
load:0x3fff0030,len:7524
load:0x40078000,len:16552
load:0x40080400,len:4
load:0x40080404,len:4312
entry 0x4008065c
[0;32mI (29) boot: ESP-IDF v5.3-dev-2747-g4f3cd0deb9 2nd stage bootloader[0m
[0;32mI (29) boot: compile time Oct 28 2024 17:33:23[0m
[0;32mI (31) boot: Multicore bootloader[0m
[0;32mI (35) boot: chip revision: v3.1[0m
[0;32mI (39) qio_mode: Enabling default flash chip QIO[0m
[0;32mI (44) boot.esp32: SPI Speed      : 80MHz[0m
[0;32mI (49) boot.esp32: SPI Mode       : QIO[0m
[0;32mI (53) boot.esp32: SPI Flash Size : 4MB[0m
[0;32mI (58) boot: Enabling RNG early entropy source...[0m
[0;32mI (63) boot: Partition Table:[0m
[0;32mI (67) boot: ## Label            Usage          Type ST Offset   Length[0m
[0;32mI (74) boot:  0 nvs              WiFi data        01 02 00009000 00006000[0m
[0;32mI (82) boot:  1 phy_init         RF data          01 01 0000f000 00001000[0m
[0;32mI (89) boot:  2 factory          factory app      00 00 00010000 00300000[0m
[0;32mI (97) boot: End of partition table[0m
[0;32mI (101) esp_image: segment 0: paddr=00010020 vaddr=3f400020 size=e6d7ch (945532) map[0m
[0;32mI (352) esp_image: segment 1: paddr=000f6da4 vaddr=3ffb0000 size=0337ch ( 13180) load[0m
[0;32mI (356) esp_image: segment 2: paddr=000fa128 vaddr=40080000 size=05ef0h ( 24304) load[0m
[0;32mI (365) esp_image: segment 3: paddr=00100020 vaddr=400d0020 size=354b4h (218292) map[0m
[0;32mI (422) esp_image: segment 4: paddr=001354dc vaddr=40085ef0 size=0b0ach ( 45228) load[0m
[0;32mI (445) boot: Loaded app from partition at offset 0x10000[0m
[0;32mI (445) boot: Disabling RNG early entropy source...[0m
[0;32mI (456) cpu_start: Multicore app[0m
[0;32mI (456) quad_psram: This chip is ESP32-D0WD[0m
[0;32mI (457) esp_psram: Found 8MB PSRAM device[0m
[0;32mI (458) esp_psram: Speed: 80MHz[0m
[0;32mI (462) esp_psram: PSRAM initialized, cache is in low/high (2-core) mode.[0m
[0;33mW (470) esp_psram: Virtual address not enough for PSRAM, map as much as we can. 4MB is mapped[0m
[0;32mI (946) esp_psram: SPI SRAM memory test OK[0m
[0;32mI (954) cpu_start: Pro cpu start user code[0m
[0;32mI (954) cpu_start: cpu freq: 240000000 Hz[0m
[0;32mI (954) app_init: Application information:[0m
[0;32mI (957) app_init: Project name:     person_detection[0m
[0;32mI (962) app_init: App version:      8d2c7d5-dirty[0m
[0;32mI (968) app_init: Compile time:     Oct 28 2024 17:33:41[0m
[0;32mI (974) app_init: ELF file SHA256:  657739808...[0m
[0;32mI (979) app_init: ESP-IDF:          v5.3-dev-2747-g4f3cd0deb9[0m
[0;32mI (985) efuse_init: Min chip rev:     v0.0[0m
[0;32mI (990) efuse_init: Max chip rev:     v3.99 [0m
[0;32mI (995) efuse_init: Chip rev:         v3.1[0m
