ets Jul 29 2019 1ï¿½ets Jul 29 2019 12:21:46

rst:0x1 (POWERON_RESET),boot:0x13 (SPI_FAST_FLASH_BOOT)
configsip: 0, SPIWP:0xee
clk_drv:0x00,q_drv:0x00,d_drv:0x00,cs0_drv:0x00,hd_drv:0x00,wp_drv:0x00
mode:DIO, clock div:1
load:0x3fff0030,len:7524
load:0x40078000,len:16552
load:0x40080400,len:4
load:0x40080404,len:4312
entry 0x4008065c
[0;32mI (29) boot: ESP-IDF v5.3-dev-2747-g4f3cd0deb9 2nd stage bootloader[0m
[0;32mI (29) boot: compile time Oct 28 2024 17:33:23[0m
[0;32mI (31) boot: Multicore bootloader[0m
[0;32mI (35) boot: chip revision: v3.1[0m
[0;32mI (39) qio_mode: Enabling default flash chip QIO[0m
[0;32mI (44) boot.esp32: SPI Speed      : 80MHz[0m
[0;32mI (49) boot.esp32: SPI Mode       : QIO[0m
[0;32mI (53) boot.esp32: SPI Flash Size : 4MB[0m
[0;32mI (58) boot: Enabling RNG early entropy source...[0m
[0;32mI (63) boot: Partition Table:[0m
[0;32mI (67) boot: ## Label            Usage          Type ST Offset   Length[0m
[0;32mI (74) boot:  0 nvs              WiFi data        01 02 00009000 00006000[0m
[0;32mI (82) boot:  1 phy_init         RF data          01 01 0000f000 00001000[0m
[0;32mI (89) boot:  2 factory          factory app      00 00 00010000 00300000[0m
[0;32mI (97) boot: End of partition table[0m
[0;32mI (101) esp_image: segment 0: paddr=00010020 vaddr=3f400020 size=e6558h (943448) map[0m
[0;32mI (351) esp_image: segment 1: paddr=000f6580 vaddr=3ffb0000 size=0337ch ( 13180) load[0m
[0;32mI (355) esp_image: segment 2: paddr=000f9904 vaddr=40080000 size=06714h ( 26388) load[0m
[0;32mI (365) esp_image: segment 3: paddr=00100020 vaddr=400d0020 size=301f4h (197108) map[0m
[0;32mI (416) esp_image: segment 4: paddr=0013021c vaddr=40086714 size=0a65ch ( 42588) load[0m
[0;32mI (438) boot: Loaded app from partition at offset 0x10000[0m
[0;32mI (438) boot: Disabling RNG early entropy source...[0m
[0;32mI (449) cpu_start: Multicore app[0m
[0;32mI (450) quad_psram: This chip is ESP32-D0WD[0m
[0;32mI (450) esp_psram: Found 8MB PSRAM device[0m
[0;32mI (452) esp_psram: Speed: 80MHz[0m
[0;32mI (456) esp_psram: PSRAM initialized, cache is in low/high (2-core) mode.[0m
[0;33mW (463) esp_psram: Virtual address not enough for PSRAM, map as much as we can. 4MB is mapped[0m
[0;32mI (939) esp_psram: SPI SRAM memory test OK[0m
[0;32mI (947) cpu_start: Pro cpu start user code[0m
[0;32mI (947) cpu_start: cpu freq: 240000000 Hz[0m
[0;32mI (947) app_init: Application information:[0m
[0;32mI (950) app_init: Project name:     person_detection[0m
[0;32mI (955) app_init: App version:      8d2c7d5-dirty[0m
[0;32mI (961) app_init: Compile time:     Oct 28 2024 17:33:41[0m
[0;32mI (967) app_init: ELF file SHA256:  31037019f...[0m
[0;32mI (972) app_init: ESP-IDF:          v5.3-dev-2747-g4f3cd0deb9[0m
[0;32mI (979) efuse_init: Min chip rev:     v0.0[0m
[0;32mI (983) efuse_init: Max chip rev:     v3.99 [0m
[0;32mI (988) efuse_init: Chip rev:         v3.1[0m
[0;32mI (993) heap_init: Initializing. RAM available for dynamic allocation:[0m
[0;32mI (1000) heap_init: At 3FFAE6E0 len 00001920 (6 KiB): DRAM[0m
[0;32mI (1006) heap_init: At 3FFB4158 len 0002BEA8 (175 KiB): DRAM[0m
[0;32mI (1013) heap_init: At 3FFE0440 len 00003AE0 (14 KiB): D/IRAM[0m
[0;32mI (1019) heap_init: At 3FFE4350 len 0001BCB0 (111 KiB): D/IRAM[0m
[0;32mI (1026) heap_init: At 40090D70 len 0000F290 (60 KiB): IRAM[0m
[0;32mI (1032) esp_psram: Adding pool of 4096K of PSRAM memory to heap allocator[0m
[0;32mI (1040) spi_flash: detected chip: generic[0m
[0;32mI (1044) spi_flash: flash io: qio[0m
[0;33mW (1048) mcpwm(legacy): legacy driver is deprecated, please migrate to `driver/mcpwm_prelude.h`[0m
[0;33mW (1058) i2c: This driver is an old driver, please migrate your application code to adapt `driver/i2c_master.h`[0m
[0;32mI (1069) main_task: Started on CPU0[0m
[0;32mI (1079) main_task: Calling app_main()[0m
Total heap size: 4509528
Free heap size: 4484284
Total PSRAM size: 8388608
Free PSRAM size: 4191744
Free heap size after allocation: 4304056
Free PSRAM size after allocation: 4011516
[0;32mI (1089) gpio: GPIO[25]| InputEn: 1| OutputEn: 0| OpenDrain: 0| Pullup: 1| Pulldown: 0| Intr:2 [0m
[0;32mI (1099) cam_hal: cam init ok[0m
[0;32mI (1099) sccb: pin_sda 26 pin_scl 27[0m
[0;32mI (1109) sccb: sccb_i2c_port=1[0m
[0;32mI (1109) gpio: GPIO[32]| InputEn: 0| OutputEn: 1| OpenDrain: 0| Pullup: 0| Pulldown: 0| Intr:0 [0m
[0;32mI (1149) camera: Detected camera at address=0x30[0m
[0;32mI (1149) camera: Detected OV2640 camera[0m
[0;32mI (1149) camera: Camera PID=0x26 VER=0x42 MIDL=0x7f MIDH=0xa2[0m
[0;32mI (1219) esp32 ll_cam: node_size: 3072, nodes_per_line: 1, lines_per_node: 4, dma_half_buffer_min:  3072, dma_half_buffer: 12288,lines_per_half_buffer: 16, dma_buffer_size: 24576, image_size: 18432[0m
[0;32mI (1229) cam_hal: buffer_size: 24576, half_buffer_size: 12288, node_buffer_size: 3072, node_cnt: 8, total_cnt: 1[0m
[0;32mI (1239) cam_hal: Allocating 9216 Byte fraPSRAM[0m
[0;32mI (1249) cam_hal: Allocating 9216 Byte frame buffer in PSRAM[0m
[0;32mI (1249) cam_hal: cam config ok[0m
[0;32mI (1259) ov2640: Set PLL: clk_2x: 0, clk_div: 3, pclk_auto: 1, pclk_div: 8[0m
Modificando los sensores...
PID: 0x26
Camera Initialized

Image capture failed.

Input type: FLOAT32
Output type: FLOAT32
Detected sign: L
C: 0.000000, L: 0.996094, Puno: 0.000000, Cruzados: 0.000000, Rock: 0.000000, Palma: 0.000000
Image capture failed.

Input type: FLOAT32
Output type: FLOAT32
Detected sign: L
C: 0.000000, L: 0.996094, Puno: 0.000000, Cruzados: 0.000000, Rock: 0.000000, Palma: 0.000000
Image capture failed.

Input type: FLOAT32
Output type: FLOAT32
Detected sign: L
C: 0.000000, L: 0.792969, Puno: 0.000000, Cruzados: 0.097656, Rock: 0.109375, Palma: 0.000000
Image capture failed.

Input type: FLOAT32
Output type: FLOAT32
Detected sign: Rock
C: 0.000000, L: 0.000000, Puno: 0.000000, Cruzados: 0.054688, Rock: 0.945312, Palma: 0.000000
Image capture failed.

Input type: FLOAT32
Output type: FLOAT32
Detected sign: L
C: 0.246094, L: 0.742188, Puno: 0.003906, Cruzados: 0.003906, Rock: 0.000000, Palma: 0.003906
Image capture failed.

Input type: FLOAT32
Output type: FLOAT32
Detected sign: C
C: 0.996094, L: 0.003906, Puno: 0.000000, Cruzados: 0.000000, Rock: 0.000000, Palma: 0.000000
Image capture failed.

Input type: FLOAT32
Output type: FLOAT32
Detected sign: Rock
C: 0.000000, L: 0.003906, Puno: 0.042969, Cruzados: 0.113281, Rock: 0.824219, Palma: 0.015625
Image capture failed.

Input type: FLOAT32
Output type: FLOAT32
Detected sign: Rock
C: 0.003906, L: 0.007812, Puno: 0.042969, Cruzados: 0.148438, Rock: 0.777344, Palma: 0.019531
Image capture failed.

Input type: FLOAT32
Output type: FLOAT32
Detected sign: Palma
C: 0.000000, L: 0.000000, Puno: 0.097656, Cruzados: 0.000000, Rock: 0.000000, Palma: 0.902344
Image capture failed.

Input type: FLOAT32
Output type: FLOAT32
Detected sign: Palma
C: 0.000000, L: 0.000000, Puno: 0.089844, Cruzados: 0.000000, Rock: 0.000000, Palma: 0.910156
