ets Jul 29 2019 1ï¿½ets Jul 29 2019 12:21:46

rst:0x1 (POWERON_RESET),boot:0x13 (SPI_FAST_FLASH_BOOT)
configsip: 0, SPIWP:0xee
clk_drv:0x00,q_drv:0x00,d_drv:0x00,cs0_drv:0x00,hd_drv:0x00,wp_drv:0x00
mode:DIO, clock div:1
load:0x3fff0030,len:7524
load:0x40078000,len:16552
load:0x40080400,len:4
load:0x40080404,len:4312
entry 0x4008065c
[0;32mI (29) boot: ESP-IDF v5.3-dev-2747-g4f3cd0deb9 2nd stage bootloader[0m
[0;32mI (29) boot: compile time Nov  8 2024 13:59:05[0m
[0;32mI (31) boot: Multicore bootloader[0m
[0;32mI (35) boot: chip revision: v3.1[0m
[0;32mI (39) qio_mode: Enabling default flash chip QIO[0m
[0;32mI (44) boot.esp32: SPI Speed      : 80MHz[0m
[0;32mI (49) boot.esp32: SPI Mode       : QIO[0m
[0;32mI (53) boot.esp32: SPI Flash Size : 4MB[0m
[0;32mI (58) boot: Enabling RNG early entropy source...[0m
[0;32mI (63) boot: Partition Table:[0m
[0;32mI (67) boot: ## Label            Usage          Type ST Offset   Length[0m
[0;32mI (74) boot:  0 nvs              WiFi data        01 02 00009000 00006000[0m
[0;32mI (82) boot:  1 phy_init         RF data          01 01 0000f000 00001000[0m
[0;32mI (89) boot:  2 factory          factory app      00 00 00010000 00300000[0m
[0;32mI (97) boot: End of partition table[0m
[0;32mI (101) esp_image: segment 0: paddr=00010020 vaddr=3f400020 size=e6d9ch (945564) map[0m
[0;32mI (352) esp_image: segment 1: paddr=000f6dc4 vaddr=3ffb0000 size=0337ch ( 13180) load[0m
[0;32mI (356) esp_image: segment 2: paddr=000fa148 vaddr=40080000 size=05ed0h ( 24272) load[0m
[0;32mI (365) esp_image: segment 3: paddr=00100020 vaddr=400d0020 size=355c4h (218564) map[0m
[0;32mI (422) esp_image: segment 4: paddr=001355ec vaddr=40085ed0 size=0b0cch ( 45260) load[0m
[0;32mI (445) boot: Loaded app from partition at offset 0x10000[0m
[0;32mI (445) boot: Disabling RNG early entropy source...[0m
[0;32mI (456) cpu_start: Multicore app[0m
[0;32mI (456) quad_psram: This chip is ESP32-D0WD[0m
[0;32mI (457) esp_psram: Found 8MB PSRAM device[0m
[0;32mI (459) esp_psram: Speed: 80MHz[0m
[0;32mI (462) esp_psram: PSRAM initialized, cache is in low/high (2-core) mode.[0m
[0;33mW (470) esp_psram: Virtual address not enough for PSRAM, map as much as we can. 4MB is mapped[0m
[0;32mI (946) esp_psram: SPI SRAM memory test OK[0m
[0;32mI (954) cpu_start: Pro cpu start user code[0m
[0;32mI (954) cpu_start: cpu freq: 240000000 Hz[0m
[0;32mI (954) app_init: Application information:[0m
[0;32mI (957) app_init: Project name:     person_detection[0m
[0;32mI (962) app_init: App version:      e8cccdb-dirty[0m
[0;32mI (968) app_init: Compile time:     Nov  8 2024 13:59:22[0m
[0;32mI (974) app_init: ELF file SHA256:  761239384...[0m
[0;32mI (979) app_init: ESP-IDF:          v5.3-dev-2747-g4f3cd0deb9[0m
[0;32mI (986) efuse_init: Min chip rev:     v0.0[0m
[0;32mI (990) efuse_init: Max chip rev:     v3.99 [0m
[0;32mI (995) efuse_init: Chip rev:         v3.1[0m
[0;32mI (1000) heap_init: Initializing. RAM available for dynamic allocation:[0m
[0;32mI (1007) heap_init: At 3FFAE6E0 len 00001920 (6 KiB): DRAM[0m
[0;32mI (1014) heap_init: At 3FFB4158 len 0002BEA8 (175 KiB): DRAM[0m
[0;32mI (1020) heap_init: At 3FFE0440 len 00003AE0 (14 KiB): D/IRAM[0m
[0;32mI (1026) heap_init: At 3FFE4350 len 0001BCB0 (111 KiB): D/IRAM[0m
[0;32mI (1033) heap_init: At 40090F9C len 0000F064 (60 KiB): IRAM[0m
[0;32mI (1039) esp_psram: Adding pool of 4096K of PSRAM memory to heap allocator[0m
[0;32mI (1047) spi_flash: detected chip: generic[0m
[0;32mI (1051) spi_flash: flash io: qio[0m
[0;33mW (1055) i2c: This driver is an old driver, please migrate your application code to adapt `driver/i2c_master.h`[0m
[0;32mI (1067) main_task: Started on CPU0[0m
[0;32mI (1077) main_task: Calling app_main()[0m
Total heap size: 4509528
Free heap size: 4484284
Total PSRAM size: 8388608
Free PSRAM size: 4191744
Free heap size after allocation: 4304056
Free PSRAM size after allocation: 4011516
[0;32mI (1087) gpio: GPIO[25]| InputEn: 1| OutputEn: 0| OpenDrain: 0| Pullup: 1| Pulldown: 0| Intr:2 [0m
[0;32mI (1097) cam_hal: cam init ok[0m
[0;32mI (1097) sccb: pin_sda 26 pin_scl 27[0m
[0;32mI (1107) sccb: sccb_i2c_port=1[0m
[0;32mI (1107) gpio: GPIO[32]| InputEn: 0| OutputEn: 1| OpenDrain: 0| Pullup: 0| Pulldown: 0| Intr:0 [0m
[0;32mI (1147) camera: Detected camera at address=0x30[0m
[0;32mI (1147) camera: Detected OV2640 camera[0m
[0;32mI (1147) camera: Camera PID=0x26 VER=0x42 MIDL=0x7f MIDH=0xa2[0m
[0;32mI (1217) esp32 ll_cam: node_size: 3072, nodes_per_line: 1, lines_per_node: 4, dma_half_buffer_min:  3072, dma_half_buffer: 12288,lines_per_half_buffer: 16, dma_buffer_size: 24576, image_size: 18432[0m
[0;32mI (1227) cam_hal: buffer_size: 24576, half_buffer_size: 12288, node_buffer_size: 3072, node_cnt: 8, total_cnt: 1[0m
[0;32mI (1237) cam_hal: Allocating 9216 Byte frame buffer in PSRAM[0m
[0;32mI (1247) cam_hal: Allocating 9216 Byte frame buffer in PSRAM[0m
[0;32mI (1247) cam_hal: cam config ok[0m
[0;32mI (1257) ov2640: Set PLL: clk_2x: 0, clk_div: 3, pclk_auto: 1, pclk_div: 8[0m
Modificando los sensores...
PID: 0x26
Camera Initialized


No sign detected
C: 0.074219, L: 0.117188, Puno: 0.117188, Cruzados: 0.144531, Rock: 0.488281, Palma: 0.058594

No sign detected
C: 0.125000, L: 0.195312, Puno: 0.125000, Cruzados: 0.125000, Rock: 0.375000, Palma: 0.058594

No sign detected
C: 0.199219, L: 0.273438, Puno: 0.101562, Cruzados: 0.160156, Rock: 0.218750, Palma: 0.046875

No sign detected
C: 0.242188, L: 0.300781, Puno: 0.089844, Cruzados: 0.125000, Rock: 0.195312, Palma: 0.046875
Max score indices: 4, 4, 1, 1

[0;32mI (35717) UART: Wrote 30 bytes[0m

No sign detected
C: 0.238281, L: 0.296875, Puno: 0.089844, Cruzados: 0.136719, Rock: 0.191406, Palma: 0.046875

No sign detected
C: 0.214844, L: 0.296875, Puno: 0.097656, Cruzados: 0.152344, Rock: 0.191406, Palma: 0.046875

No sign detected
C: 0.234375, L: 0.292969, Puno: 0.085938, Cruzados: 0.152344, Rock: 0.187500, Palma: 0.042969

No sign detected
C: 0.238281, L: 0.296875, Puno: 0.097656, Cruzados: 0.136719, Rock: 0.191406, Palma: 0.046875
Max score indices: 1, 1, 1, 1

[0;32mI (69957) UART: Wrote 30 bytes[0m

No sign detected
C: 0.210938, L: 0.332031, Puno: 0.085938, Cruzados: 0.152344, Rock: 0.171875, Palma: 0.046875

No sign detected
C: 0.207031, L: 0.324219, Puno: 0.085938, Cruzados: 0.148438, Rock: 0.187500, Palma: 0.042969

No sign detected
C: 0.269531, L: 0.335938, Puno: 0.089844, Cruzados: 0.089844, Rock: 0.171875, Palma: 0.046875

No sign detected
C: 0.246094, L: 0.304688, Puno: 0.101562, Cruzados: 0.101562, Rock: 0.195312, Palma: 0.050781
Max score indices: 1, 1, 1, 1

[0;32mI (104197) UART: Wrote 30 bytes[0m

No sign detected
C: 0.246094, L: 0.304688, Puno: 0.089844, Cruzados: 0.113281, Rock: 0.195312, Palma: 0.046875
