ets Jul 29 2019 12:21:46

rst:0x1 (POWERON_RESET),boot:0x13 (SPI_FAST_FLASH_BOOT)
configsip: 0, SPIWP:0xee
clk_drv:0x00,q_drv:0x00,d_drv:0x00,cs0_drv:0x00,hd_drv:0x00,wp_drv:0x00
mode:DIO, clock div:1
load:0x3fff0030,len:7524
load:0x40078000,len:16552
load:0x40080400,len:4
load:0x40080404,len:4312
entry 0x4008065c
[0;32mI (29) boot: ESP-IDF v5.3-dev-2747-g4f3cd0deb9-dirty 2nd stage bootloader[0m
[0;32mI (29) boot: compile time Nov 12 2024 18:04:33[0m
[0;32mI (32) boot: Multicore bootloader[0m
[0;32mI (36) boot: chip revision: v3.1[0m
[0;32mI (40) qio_mode: Enabling default flash chip QIO[0m
[0;32mI (45) boot.esp32: SPI Speed      : 80MHz[0m
[0;32mI (49) boot.esp32: SPI Mode       : QIO[0m
[0;32mI (54) boot.esp32: SPI Flash Size : 4MB[0m
[0;32mI (59) boot: Enabling RNG early entropy source...[0m
[0;32mI (64) boot: Partition Table:[0m
[0;32mI (68) boot: ## Label            Usage          Type ST Offset   Length[0m
[0;32mI (75) boot:  0 nvs              WiFi data        01 02 00009000 00006000[0m
[0;32mI (82) boot:  1 phy_init         RF data          01 01 0000f000 00001000[0m
[0;32mI (90) boot:  2 factory          factory app      00 00 00010000 00300000[0m
[0;32mI (97) boot: End of partition table[0m
[0;32mI (101) esp_image: segment 0: paddr=00010020 vaddr=3f400020 size=e6f04h (945924) map[0m
[0;32mI (352) esp_image: segment 1: paddr=000f6f2c vaddr=3ffb0000 size=0337ch ( 13180) load[0m
[0;32mI (356) esp_image: segment 2: paddr=000fa2b0 vaddr=40080000 size=05d68h ( 23912) load[0m
[0;32mI (366) esp_image: segment 3: paddr=00100020 vaddr=400d0020 size=35af8h (219896) map[0m
[0;32mI (423) esp_image: segment 4: paddr=00135b20 vaddr=40085d68 size=0b290h ( 45712) load[0m
[0;32mI (446) boot: Loaded app from partition at offset 0x10000[0m
[0;32mI (446) boot: Disabling RNG early entropy source...[0m
[0;32mI (457) cpu_start: Multicore app[0m
[0;32mI (458) quad_psram: This chip is ESP32-D0WD[0m
[0;32mI (458) esp_psram: Found 8MB PSRAM device[0m
[0;32mI (460) esp_psram: Speed: 80MHz[0m
[0;32mI (464) esp_psram: PSRAM initialized, cache is in low/high (2-core) mode.[0m
[0;33mW (471) esp_psram: Virtual address not enough for PSRAM, map as much as we can. 4MB is mapped[0m
[0;32mI (947) esp_psram: SPI SRAM memory test OK[0m
[0;32mI (955) cpu_start: Pro cpu start user code[0m
[0;32mI (955) cpu_start: cpu freq: 240000000 Hz[0m
[0;32mI (955) app_init: Application information:[0m
[0;32mI (958) app_init: Project name:     person_detection[0m
[0;32mI (963) app_init: App version:      fe3c936-dirty[0m
[0;32mI (969) app_init: Compile time:     Nov 12 2024 18:04:50[0m
[0;32mI (975) app_init: ELF file SHA256:  29798d224...[0m
[0;32mI (980) app_init: ESP-IDF:          v5.3-dev-2747-g4f3cd0deb9-dirty[0m
[0;32mI (987) efuse_init: Min chip rev:     v0.0[0m
[0;32mI (992) efuse_init: Max chip rev:     v3.99 [0m
[0;32mI (997) efuse_init: Chip rev:         v3.1[0m
[0;32mI (1002) heap_init: Initializing. RAM available for dynamic allocation:[0m
[0;32mI (1009) heap_init: At 3FFAE6E0 len 00001920 (6 KiB): DRAM[0m
[0;32mI (1015) heap_init: At 3FFB4158 len 0002BEA8 (175 KiB): DRAM[0m
[0;32mI (1021) heap_init: At 3FFE0440 len 00003AE0 (14 KiB): D/IRAM[0m
[0;32mI (1028) heap_init: At 3FFE4350 len 0001BCB0 (111 KiB): D/IRAM[0m
[0;32mI (1034) heap_init: At 40090FF8 len 0000F008 (60 KiB): IRAM[0m
[0;32mI (1041) esp_psram: Adding pool of 4096K of PSRAM memory to heap allocator[0m
[0;32mI (1049) spi_flash: detected chip: generic[0m
[0;32mI (1053) spi_flash: flash io: qio[0m
[0;33mW (1057) i2c: This driver is an old driver, please migrate your application code to adapt `driver/i2c_master.h`[0m
[0;32mI (1068) main_task: Started on CPU0[0m
[0;32mI (1078) main_task: Calling app_main()[0m
Total heap size: 4509528
Free heap size: 4484284
Total PSRAM size: 8388608
Free PSRAM size: 4191744
Free heap size after allocation: 4300688
Free PSRAM size after allocation: 4008180
[0;32mI (1088) gpio: GPIO[25]| InputEn: 1| OutputEn: 0| OpenDrain: 0| Pullup: 1| Pulldown: 0| Intr:2 [0m
[0;32mI (1098) cam_hal: cam init ok[0m
[0;32mI (1098) sccb: pin_sda 26 pin_scl 27[0m
[0;32mI (1108) sccb: sccb_i2c_port=1[0m
[0;32mI (1108) gpio: GPIO[32]| InputEn: 0| OutputEn: 1| OpenDrain: 0| Pullup: 0| Pulldown: 0| Intr:0 [0m
[0;32mI (1148) camera: Detected camera at address=0x30[0m
[0;32mI (1148) camera: Detected OV2640 camera[0m
[0;32mI (1148) camera: Camera PID=0x26 VER=0x42 MIDL=0x7f MIDH=0xa2[0m
[0;32mI (1218) esp32 ll_cam: node_size: 3072, nodes_per_line: 1, lines_per_node: 4, dma_half_buffer_min:  3072, dma_half_buffer: 12288,lines_per_half_buffer: 16, dma_buffer_size: 24576, image_size: 18432[0m
[0;32mI (1228) cam_hal: buffer_size: 24576, half_buffer_size: 12288, node_buffer_size: 3072, node_cnt: 8, total_cnt: 1[0m
[0;32mI (1238) cam_hal: Allocating 9216 Byte frame buffer in PSRAM[0m
[0;32mI (1248) cam_hal: Allocating 9216 Byte frame buffer in PSRAM[0m
[0;32mI (1248) cam_hal: cam config ok[0m
[0;32mI (1258) ov2640: Set PLL: clk_2x: 0, clk_div: 3, pclk_auto: 1, pclk_div: 8[0m
Modificando los sensores...
PID: 0x26
Camera Initialized

[0;32mI (61708) UART: Received 13 bytes: ']unloï¿½world.ï¿½'[0m
[0;32mI (61708) UART: 0x3ffb7900   5d 75 6e 6c 6f a1 77 6f  72 6c 64 2e b5           |]unlo.world..|[0m

Detected sign: L
C: 0.132812, L: 0.867188, Puno: 0.000000, Cruzados: 0.000000, Rock: 0.000000, Palma: 0.000000

Detected sign: C
C: 0.886719, L: 0.054688, Puno: 0.000000, Cruzados: 0.054688, Rock: 0.000000, Palma: 0.000000

No sign detected
C: 0.460938, L: 0.070312, Puno: 0.054688, Cruzados: 0.367188, Rock: 0.019531, Palma: 0.023438

No sign detected
C: 0.472656, L: 0.113281, Puno: 0.070312, Cruzados: 0.269531, Rock: 0.031250, Palma: 0.042969
Max score indices: 1, 0, 0, 0

[0;32mI (89918) UART: Wrote 30 bytes[0m
[0;32mI (90018) UART: Received 125 bytes: 'ï¿½][ï¿½ï¿½Éµï¿½ï¿½ï¿½ï¿½Juï¿½|o2worlf)=ï¿½Y[[;ï¿½ï¿½{ï¿½unï¿½kmï¿½{ï¿½ï¿½ï¿½ï¿½ï¿½ï¿½Ì¥ï¿½ï¿½ï¿½ï¿½Ý¿ï¿½ï¿½ï¿½01]u}ï¿½_ï¿½ï¿½ï¿½ï¿½ï¿½ï¿½ï¿½ï¿½ï¿½ï¿½nOï¿½ï¿½é»ºï¿½ï¿½OY[[ï¿½ï¿½ï¿½ï¿½ï¿½uï¿½ï¿½ï¿½][ï¿½{ï¿½ï¿½ï¿½ï¿½ï¿½ï¿½ï¿½ï¿½ï¿½ulmoï¿½ï¿½kï¿½ï¿½ï¿½ï¿½'[0m
[0;32mI (90018) UART: 0x3ffb7900   ca 5d 5b b6 1b eb bd c9  b5 95 e5 e5 ff 4a 75 b7  |.][..........Ju.|[0m
[0;32mI (90028) UART: 0x3ffb7910   7c 6f 32 77 6f 72 6c 66  29 3d cb 59 5b 5b 3b ed  ||o2worlf)=.Y[[;.|[0m
[0;32mI (90038) UART: 0x3ffb7920   bd 7b ec 75 6e f6 6b 6d  ee b7 7b e9 ff eb fd fd  |.{.un.km..{.....|[0m
[0;32mI (90048) UART: 0x3ffb7930   a6 cc a5 e5 fc ec e1 dd  bf c9 bf ba 30 31 5d 75  |............01]u|[0m
[0;32mI (90058) UART: 0x3ffb7940   7d b6 5f fd bd eb f5 db  cb cd ff ec ef b7 6e 4f  |}._...........nO|[0m
[0;32mI (90068) UART: 0x3ffb7950   ed fd e9 bb ba 94 de 4f  59 5b 5b df df fd c9 fe  |.......OY[[.....|[0m
[0;32mI (90078) UART: 0x3ffb7960   75 bb ff cd 5d 5b b7 7b  ed f7 df b9 97 f1 f5 ff  |u...][.{........|[0m
[0;32mI (90088) UART: 0x3ffb7970   b6 75 6c 6d 6f a6 d7 6b  f1 9f e7 d5 ff           |.ulmo..k.....|[0m

Detected sign: L
C: 0.054688, L: 0.945312, Puno: 0.000000, Cruzados: 0.000000, Rock: 0.000000, Palma: 0.000000

Detected sign: L
C: 0.027344, L: 0.968750, Puno: 0.000000, Cruzados: 0.000000, Rock: 0.000000, Palma: 0.000000

No sign detected
C: 0.179688, L: 0.199219, Puno: 0.101562, Cruzados: 0.128906, Rock: 0.347656, Palma: 0.042969

No sign detected
C: 0.164062, L: 0.203125, Puno: 0.105469, Cruzados: 0.128906, Rock: 0.355469, Palma: 0.042969
Max score indices: 1, 1, 4, 4

[0;32mI (118308) UART: Wrote 30 bytes[0m
